// Jest Snapshot v1, https://goo.gl/fbAQLP

exports[`Testing <max-button /> should render a button with aria-disabled is \`\` 1`] = `
"
      <max-button aria-disabled="">Button</max-button>
    "
`;

exports[`Testing <max-button /> should render a button with color is \`primary\` 1`] = `
"
      <max-button color="primary">Button</max-button>
    "
`;

exports[`Testing <max-button /> should render a button with color is \`secondary\` 1`] = `
"
      <max-button color="secondary">Button</max-button>
    "
`;

exports[`Testing <max-button /> should render a button with role is \`menuitem\` 1`] = `
"
      <max-button role="menuitem">Button</max-button>
    "
`;

exports[`Testing <max-button /> should render a button with tabindex is \`-1\` 1`] = `
"
      <max-button tabindex="-1">Button</max-button>
    "
`;

exports[`Testing <max-button /> should render a button with type is \`button\` 1`] = `
"
      <max-button type="button">Button</max-button>
    "
`;

exports[`Testing <max-button /> should render a button with type is \`reset\` 1`] = `
"
      <max-button type="reset">Button</max-button>
    "
`;

exports[`Testing <max-button /> should render a button with type is \`submit\` 1`] = `
"
      <max-button type="submit">Button</max-button>
    "
`;

exports[`Testing <max-button /> should render a button with variant is \`contained\` 1`] = `
"
      <max-button variant="contained">Button</max-button>
    "
`;

exports[`Testing <max-button /> should render a button with variant is \`outlined\` 1`] = `
"
      <max-button variant="outlined">Button</max-button>
    "
`;

exports[`Testing <max-button /> should render a button with variant is \`text\` 1`] = `
"
      <max-button variant="text">Button</max-button>
    "
`;
